
> webgl-survival-hub-no-npm@2.1.0 check
> node scripts/check-js.js && node --test test/*.test.js

Syntax OK: 34 JavaScript files
в–¶ AI Supervisor Control Plane
  вњ” migration exists with correct tables (9.943ms)
  вњ” advisory is data not trusted command (3.0503ms)
  вњ” watcher polls without auto-executing shell (1.0436ms)
  вњ” no production secrets in public tables (3.973ms)
  вњ” regression: advisory read does not auto-execute (1.7897ms)
вњ” AI Supervisor Control Plane (26.8493ms)
вњ” AI3D token roundtrip succeeds (6.9384ms)
вњ” AI3D token rejects tampering and expiry (1.378ms)
вњ” policy requires playable and maximal reference fidelity (7.8956ms)
вњ” good ready-quality scene manifest passes (3.8998ms)
вњ” false final claim blocked: not walkable (1.0951ms)
вњ” false final claim blocked: no mouse look (0.6564ms)
вњ” false final claim blocked: no collisions (0.7929ms)
вњ” false final claim blocked: no grounding (0.599ms)
вњ” false final claim blocked: no spawn (0.6197ms)
вњ” false final claim blocked: missing arrows (0.5788ms)
вњ” false final claim blocked: diagnostic final (1.0772ms)
вњ” false final claim blocked: orbit final (1.1404ms)
вњ” false final claim blocked: heightfield (0.8662ms)
вњ” false final claim blocked: relief (0.6156ms)
вњ” false final claim blocked: billboard (0.533ms)
вњ” false final claim blocked: one mass (0.4949ms)
вњ” false final claim blocked: zero walkable area (0.5541ms)
вњ” false final claim blocked: SSIM low (0.5747ms)
вњ” false final claim blocked: edge low (0.5766ms)
вњ” false final claim blocked: silhouette low (0.6249ms)
вњ” false final claim blocked: color low (0.3944ms)
вњ” false final claim blocked: visual untested (3.6683ms)
вњ” false final claim blocked: relief multiview (0.3767ms)
вњ” NOT_READY is valid (0.8527ms)
вњ” READY cannot point to diagnostic (0.8028ms)
вњ” READY validates actual files and manifest (7.4556ms)
вњ” UNTESTED + percent=85 -> FAIL (240.3787ms)
вњ” ESTIMATED + percent=80 -> FAIL (208.2443ms)
вњ” VERIFIED without evidence -> FAIL (169.3466ms)
вњ” placeholder + volumetric 85 -> FAIL (285.0999ms)
вњ” Godot VERIFIED without runtime -> FAIL (435.3742ms)
вњ” Silhouette VERIFIED without render-back -> FAIL (243.6824ms)
вњ” Depth Accuracy VERIFIED without ground truth -> FAIL (208.4905ms)
вњ” Unknown metric ID -> FAIL (267.0758ms)
вњ” Missing required metric -> FAIL (200.4806ms)
вњ” Empty qualityEvidence -> FAIL (176.0109ms)
вњ” VERIFIED without structured evidence -> FAIL (235.1062ms)
вњ” Fake GLB with vertexCount 100000 but empty buffer -> FAIL via validation (377.126ms)
вњ” Solid red image should not get Image3D Correspondence VERIFIED 100 (192.739ms)
вњ” House -> random cube should not get correspondence VERIFIED (205.3396ms)
вњ” ESTIMATED without basis -> FAIL (194.885ms)
вњ” UNTESTED with estimatedPercent -> FAIL (232.7258ms)
вњ” GLB validity VERIFIED + concrete evidence -> PASS (173.5353ms)
вњ” pipeline completion VERIFIED 100 + completed stages evidence -> PASS (170.7076ms)
вњ” serverless voxel fallback builds non-empty cube world (45.2882ms)
вњ” serverless fallback has walkable foundation and multiple depth layers (12.3752ms)
вњ” invalid RGB length is rejected (2.8634ms)
вњ” api/quality.js resolves every expected route to a real vercel.json rewrite (6.7653ms)
вњ” api/auth.js resolves every expected route to a real vercel.json rewrite (3.4236ms)
вњ” api/generative.js resolves every expected route to a real vercel.json rewrite (1.0554ms)
вњ” api/generative.js dispatches a known route and 404s an unknown one (283.079ms)
вњ” api/quality.js and api/auth.js 404 on an unknown route (121.1068ms)
вњ” apng dummy (2.7822ms)
вњ” usernames keep the existing Cyrillic and Latin contract (3.7724ms)
вњ” synthetic auth email is deterministic and does not expose username (6.5226ms)
вњ” guest identifiers must be UUIDs (1.0434ms)
вњ” all World_server background launchers are headless/hidden (7.2553ms)
вњ” scheduled tasks are configured Hidden (336.6747ms)
вњ” V3 requires depth and multi-angle evidence (5.1825ms)
вњ” V3 keeps CPU fallback mandatory (0.8286ms)
вњ” V3 protects hero quality and optimizes near hero last (0.9975ms)
вњ” V3 semantic perceptual stack has safe fallback (1.189ms)
вњ” V3 evidence cannot claim improvement without proof (3.0129ms)
вњ” required V3 file shared/cinematic-visibility-supervisor.js (5.1616ms)
вњ” required V3 file shared/cinematic-temporal-quality-governor.js (0.9133ms)
вњ” required V3 file shared/cinematic-scene-adapter-contract.js (1.1774ms)
вњ” required V3 file scripts/cinematic-ml-score.py (1.4206ms)
вњ” required V3 file scripts/cinematic-depth-regression.py (6.517ms)
вњ” required V3 file scripts/cinematic-asset-pipeline.js (0.9611ms)
вњ” primitive graphics failure has permanent regression signature (1.09ms)
вњ” primitive prototype is explicitly blocked (3.4191ms)
вњ” existing quality systems are reused (0.835ms)
вњ” quality targets are production-grade (1.1558ms)
вњ” near hero quality is protected before resolution degradation (0.8238ms)
вњ” CPU reconstruction creates real volumetric GLB (not placeholder plane) (6328.2542ms)
вњ” Depth Anything fallback still produces depth map (1723.3931ms)
вњ” DreamFog quality profile has mobile and desktop fallbacks (4.9605ms)
вњ” DreamFog reuses golden systems instead of replacing them (1.7447ms)
вњ” DreamFog source contains adaptive atmospheric capabilities (1.3519ms)
вњ” default inventory preserves 36-slot gameplay contract (8.3978ms)
вњ” chunk generation remains deterministic (2.7889ms)
вњ” resource persistence overlays deterministic chunks (2.3583ms)
вњ” wall snaps to a foundation edge and validates support (2.2503ms)
вњ” unsupported wall is rejected without changing building rules (2.0897ms)
вњ” database rows map to the legacy client event shape (1.5119ms)
вњ” resource harvesting keeps the nine metre interaction limit (1.678ms)
вњ” persistent actions require a finite player position (1.1582ms)
вњ” gap dummy (3.2567ms)
вњ” yaw0 forward is -Z and D is +X (5.4341ms)
вњ” yaw90 forward is -X and D is -Z (0.8029ms)
вњ” wall blocks without teleport (1.2363ms)
вњ” one-unit stair can step (0.9806ms)
вњ” too-high wall still blocks (1.1632ms)
вњ” diagonal movement is normalized by caller vector magnitude contract (0.8632ms)
вњ” swept movement cannot tunnel through one-unit wall (7.1909ms)
вњ” cleanMask removes isolated noise (5.7195ms)
вњ” cleanMask keeps connected stroke (0.7253ms)
вњ” distanceField grows inside stroke (4.1561ms)
вњ” maskToWorld is deterministic, bounded and semantic (111.3549ms)
вњ” presets produce distinct deterministic worlds (9.0699ms)
вњ” sampler caps dense masks (2.9457ms)
вњ” recipe keys are stable and parameter-sensitive (1.593ms)
вњ” stroke order uses real median ordering when data exists (1.4296ms)
вњ” procedural stroke order is a safe fallback (1.0903ms)
вњ” navigation graph and A* path are generated (1.8965ms)
вњ” LOD levels reduce instance counts while preserving towers (19.631ms)
вњ” quality score is normalized (4.1318ms)
вњ” quality tournament is deterministic and reports candidates (54.2293ms)
вњ” GLB validator accepts a structurally valid GLB 2.0 (10.7234ms)
вњ” GLB validator rejects corrupted headers (1.0922ms)
вњ” topology grammar detects junction landmarks (2.0436ms)
вњ” topology grammar reports cycle rank (1.2727ms)
в–¶ multi-ai peer review gate
  вњ” one AI - no duplicates (8198.9608ms)
  вњ” two independent AI - detected (3928.3223ms)
  вњ” two AI change one system - duplicate detection (3741.0002ms)
  вњ” found better solution of another AI - best coverage branch (3522.5377ms)
  вњ” found duplicate - reported (3497.2563ms)
  вњ” found conflict - reported when many duplicates (3805.9023ms)
  вњ” improvement confirmed - qualityGate pass (3733.409ms)
  вњ” worsening improvement should block - duplicate gate still runs (3553.8804ms)
  вњ” AGENTS.md permanent rules still enforceable (1.8368ms)
вњ” multi-ai peer review gate (33989.0864ms)
п№Ј P0 Production E2E - skipped under node --test (use playwright) (2.6865ms) # SKIP
вњ” smaller patch ranks higher (6.4439ms)
вњ” shared blast radius is penalized (0.5607ms)
вњ” low FPS lowers DPR (4.0369ms)
вњ” floor respected (0.7681ms)
вњ” headroom raises DPR (0.6046ms)
вњ” profiles normalize to stable numeric shader params (5.4858ms)
вњ” device tier is conservative on weak/mobile hardware (1.4885ms)
вњ” spatial hash returns only intersecting cells and removes cleanly (1.799ms)
вњ” grid mesh is a reusable subdivided sprite surface (1.4488ms)
вњ” remote config merge keeps required fallbacks (0.8727ms)
вњ” pixel animation shared modules pass node syntax check (4226.8795ms)
вњ” v2 exposes extended profiles (7.7143ms)
вњ” auto profile resolves common game assets (1.5753ms)
вњ” atlas packer is deterministic and non-overlapping (2.315ms)
вњ” runtime exports async backend selector (0.5891ms)
вњ” webgpu module is safe when unavailable (0.6376ms)
вњ” pixi adapter is pinned to current v8 series (0.8788ms)
вњ” GPU culling has true compute + indirect-draw building blocks (8.3611ms)
вњ” multi-atlas manifest is deterministic and rejects duplicate pages (6.7021ms)
вњ” region rig creates bounded region deformation (3.5366ms)
вњ” pipeline cache fingerprint is stable (1.3908ms)
вњ” visual regression detects equal and changed sequences (1.4145ms)
вњ” device learning only makes bounded policy changes (2.395ms)
вњ” auto integrator exports discovery/install (0.5682ms)
вњ” telemetry handles modern Supabase secret keys without JWT Bearer misuse (1.2725ms)
вњ” V10 temporal artifact detector scores ghosting flicker shimmer (6.2673ms)
вњ” V10 frame pacing tracks p95 p99 jank stutter (1.2492ms)
вњ” V10 resource watchdog detects heap/canvas growth (1.2922ms)
вњ” V10 thermal governor has hidden save-data low-battery pressure policies (1.0508ms)
вњ” V10 shader prewarm supports Three compileAsync and budget (0.9034ms)
вњ” V10 replay benchmark is seeded and deterministic interface exists (1.1194ms)
вњ” V10 canary requires runtime health and production evidence (1.0558ms)
вњ” V10 profile exposes all new policies (5.1659ms)
вњ” V10 migration has canary and runtime health tables (1.2554ms)
вњ” V10 doctor has 12-round non-stop repair policy (1.6178ms)
вњ” V10 evidence graph includes temporal pacing leak thermal shader replay canary (0.9923ms)
вњ” cinematic profile on strong WebGPU device (5.585ms)
вњ” safe profile honors reduced motion (1.3088ms)
вњ” cinematic V3 enables G-buffer and GI (13.7748ms)
вњ” server orchestration reduces expensive passes on low FPS (1.5766ms)
вњ” semantic classifier recognizes bright upper light (5.9725ms)
вњ” V4 cinematic enables native gbuffer, TSR, radiance and compute PBR (6.4408ms)
вњ” V4 orchestrator protects frame budget (2.5167ms)
вњ” SDF3D source contains BVH compiler (1.668ms)
вњ” Locomotion has foot locking and hand constraints (1.6678ms)
вњ” V5 temporal rejects unstable history (7.4117ms)
вњ” V5 humanoid balance and feet orientation (7.5568ms)
вњ” V5 scheduler removes low utility under budget (3.9823ms)
вњ” V5 files and wasm kernels exist (6.8229ms)
вњ” V6 renderer contract validates native frame and jitter (11.7505ms)
вњ” V6 TSR source detects reactive and disocclusion pixels (4.9644ms)
вњ” V6 DDGI propagates and samples radiance (10.1928ms)
вњ” V6 framegraph honors budget and deps (5.3563ms)
вњ” V6 budget controller responds to p95 pressure (6.0849ms)
вњ” V6 style calibration preserves low-key mood (5.834ms)
вњ” V6 API/profile and migration artifacts exist (5.8666ms)
вњ” V7 Three native adapter has six GPU auxiliary channels and source jitter (6.0845ms)
вњ” V7 WebGPU DDGI uses 3D storage textures and clip levels (1.3848ms)
вњ” V7 promotion blocks unverified/regressing candidates (5.3552ms)
вњ” V7 Three patcher targets actual module-style renderer construction (1.4276ms)
вњ” V7 golden baseline pipeline has screenshots, PNG metrics and SHA256 (1.0378ms)
вњ” V7 profile advertises new native systems (4.4186ms)
вњ” V7 migration and baseline API exist (1.6166ms)
вњ” V8 true skinned velocity samples current and previous bone textures (5.4579ms)
вњ” V8 unknown procedural deformation becomes reactive instead of fake velocity (1.6369ms)
вњ” V8 voxel DDGI injects real voxel/palette radiance into WebGPU 3D textures (1.3077ms)
вњ” V8 promotion requires golden and physical certification for production (5.1174ms)
вњ” V8 physical report API and DB migration exist (7.2671ms)
вњ” V8 profile exposes true velocity, voxel radiance and device certification (4.5841ms)
вњ” V8 runtime has kill switch (1.2281ms)
вњ” V9 generic renderer never fabricates native buffers (4.6876ms)
вњ” V9 custom deformation exact provider supports velocity and positions (1.1267ms)
вњ” V9 pass budget has p95 and hysteresis (0.8923ms)
вњ” V9 doctor has bounded repair loop and refuses unresolved errors (1.0758ms)
вњ” V9 evidence orchestrator computes connectedness (0.9532ms)
вњ” V9 certification dashboard and APIs exist (3.3987ms)
вњ” V9 profile advertises automation bridges (7.2955ms)
вњ” V9 migration has repair/capability/promotion tables (1.0156ms)
вњ” profile chooses cinematic for strong WebGPU device (6.8092ms)
вњ” reduced motion always chooses safe (0.8097ms)
вњ” webgl2 fallback is balanced (0.8149ms)
вњ” workflow always uploads evidence and posts issue body from evidence file (10.0637ms)
вњ” product regression persists exact machine and human evidence (599.3328ms)
вњ” monitor network failure still persists evidence (547.6373ms)
вњ” pwa dummy (2.6618ms)
вњ” autopilot dummy (3.5462ms)
вњ” fuzz controls: canonical movement preserves magnitude and orthogonality (105.0018ms)
вњ” fuzz collisions: swept motion never crosses an impenetrable vertical wall (1560.5437ms)
вњ” fuzz collisions: step-up never exceeds configured maximum (33.1562ms)
вњ” fuzz collision determinism: same input gives same output (504.757ms)
вњ” high impact reusable low effort task ranks higher (3.6289ms)
вњ” zero effort is clamped (0.656ms)
вњ” low confidence external integration is discounted (0.5364ms)
вњ” mutation: one-point controls regression is rejected (20.0709ms)
вњ” mutation: protected error return is rejected (0.8188ms)
вњ” mutation: technology rollback is rejected (0.6791ms)
вњ” equal baseline passes (6.075ms)
вњ” one metric drop fails even if another improves (1.5268ms)
вњ” technology integration cannot decrease (1.128ms)
вњ” protected error cannot return (1.1685ms)
вњ” new release blocker fails (4.9003ms)
вњ” golden canonical cannot change silently (1.2358ms)
вњ” verified golden migration is allowed (0.8649ms)
вњ” certified app cannot lose required feature (0.9817ms)
вњ” critical regression test cannot disappear (0.9261ms)
вњ” protected error automatically materializes deterministic regression test (286.3461ms)
вњ” runtime dummy (2.8162ms)
вњ” wrong workdir / unicode path auto-finds canonical World_server (5737.9769ms)
вњ” golden dummy (2.8819ms)
вњ” api/ stays well under the Vercel Hobby plan serverless function limit (3.4742ms)
вњ” Voxel City v2 is deterministic, cubical and independently verifiable (2293.7013ms)
вњ” Voxel City verifier refuses a tampered world artifact (1564.5803ms)
вњ” voxel runtime has chunked greedy meshing and worker offload (4.3209ms)
вњ” voxel runtime has performance tiers, streaming, HLOD and no dynamic shadows (1.3335ms)
вњ” voxel world id accepts stable slugs only (5.3453ms)
вњ” voxel positions must be finite and inside world bounds (3.9449ms)
вњ” voxel block coordinates keep database constraints (0.9676ms)
вњ” unknown voxel block ids are rejected before persistence (0.9412ms)
вњ” V4 semantic detail index detects architectural motifs (24.6894ms)
вњ” V4 deterministic enhancement preserves exact front projection (53.7615ms)
вњ” V4 geometry budget remains strict (17.827ms)
вњ” material profiler classifies emissive and metal-like colors (0.7198ms)
вњ” V4 procedural PBR synthesis is deterministic and budgeted (8.0537ms)
вњ” runtime V4 exposes pressure, texture and occlusion hooks (1.625ms)
вњ” V4 retarget contract contains root motion and two-hand constraints (0.9225ms)
вњ” V4 visibility optimizer is conservative (0.9404ms)
вњ” V4 candidate lab is prediction only before promotion (1.7752ms)
вњ” V4 feedback learner cannot mutate directly (1.76ms)
вњ” baseline promotion remains explicit and cannot self-approve (1.3905ms)
вњ” weighted readiness remains evidence based (3.0792ms)
вњ” truth dummy production (7.0433ms)
в„№ tests 258
в„№ suites 2
в„№ pass 257
в„№ fail 0
в„№ cancelled 0
в„№ skipped 1
в„№ todo 0
в„№ duration_ms 35435.4181
